<?xml version="1.0" encoding="UTF-8"?>
<TestRun id="00a8a820-7914-4fe7-a719-58ec3f6782b8" name="RaMoNs@RAMONS-LAPTOP 2012-01-05 20:26:43" runUser="RaMoNs-Laptop\RaMoNs" xmlns="http://microsoft.com/schemas/VisualStudio/TeamTest/2010">
  <TestSettings name="Configuración de pruebas predeterminada" id="68e89541-06fd-4c55-8ca1-b54f08d1a96d">
    <Deployment runDeploymentRoot="RaMoNs_RAMONS-LAPTOP 2012-01-05 20_26_43">
      <DeploymentItem filename="C:\Users\RaMoNs\Documents\Visual Studio 2010\Projects\juegosMVC\juegosMVC\bin\juegosMVC.dll" />
    </Deployment>
    <Execution>
      <TestTypeSpecific />
      <AgentRule name="Execution Agents">
      </AgentRule>
    </Execution>
  </TestSettings>
  <Times creation="2012-01-05T20:26:43.1062899-03:00" queuing="2012-01-05T20:26:57.3641054-03:00" start="2012-01-05T20:26:58.3051592-03:00" finish="2012-01-05T20:27:01.2153257-03:00" />
  <ResultSummary outcome="Completed">
    <Counters total="1" executed="1" passed="1" error="0" failed="0" timeout="0" aborted="0" inconclusive="0" passedButRunAborted="0" notRunnable="0" notExecuted="0" disconnected="0" warning="0" completed="0" inProgress="0" pending="0" />
  </ResultSummary>
  <TestDefinitions>
    <UnitTest name="Index" storage="c:\users\ramons\documents\visual studio 2010\projects\juegosmvc\juegosmvc.tests\bin\release\juegosmvc.tests.dll" id="64bcf86a-d6d6-2ce4-6310-35b4e2914a46">
      <Execution id="97e8bf40-72ab-42cd-908a-c8e0cf6b3a30" />
      <TestMethod codeBase="C:/Users/RaMoNs/Documents/Visual Studio 2010/Projects/juegosMVC/juegosMVC.Tests/bin/Release/juegosMVC.Tests.DLL" adapterTypeName="Microsoft.VisualStudio.TestTools.TestTypes.Unit.UnitTestAdapter, Microsoft.VisualStudio.QualityTools.Tips.UnitTest.Adapter, Version=10.0.0.0, Culture=neutral, PublicKeyToken=b03f5f7f11d50a3a" className="juegosMVC.Tests.Controllers.HomeControllerTest, juegosMVC.Tests, Version=1.0.0.0, Culture=neutral, PublicKeyToken=null" name="Index" />
    </UnitTest>
  </TestDefinitions>
  <TestLists>
    <TestList name="Resultados que no están en la lista" id="8c84fa94-04c1-424b-9868-57a2d4851a1d" />
    <TestList name="Todos los resultados cargados" id="19431567-8539-422a-85d7-44ee4e166bda" />
  </TestLists>
  <TestEntries>
    <TestEntry testId="64bcf86a-d6d6-2ce4-6310-35b4e2914a46" executionId="97e8bf40-72ab-42cd-908a-c8e0cf6b3a30" testListId="8c84fa94-04c1-424b-9868-57a2d4851a1d" />
  </TestEntries>
  <Results>
    <UnitTestResult executionId="97e8bf40-72ab-42cd-908a-c8e0cf6b3a30" testId="64bcf86a-d6d6-2ce4-6310-35b4e2914a46" testName="Index" computerName="RAMONS-LAPTOP" duration="00:00:01.3544042" startTime="2012-01-05T20:26:58.5761747-03:00" endTime="2012-01-05T20:27:01.0443159-03:00" testType="13cdc9d9-ddb5-4fa4-a97d-d965ccfc6d4b" outcome="Passed" testListId="8c84fa94-04c1-424b-9868-57a2d4851a1d" relativeResultsDirectory="97e8bf40-72ab-42cd-908a-c8e0cf6b3a30">
    </UnitTestResult>
  </Results>
</TestRun>